\documentclass[10pt,a4paper,sans]{moderncv}
% Compile with LuaLaTeX (fontspec). moderncv loads fontenc/inputenc handling and
% its FontAwesome social icons itself, so we only set fonts + style/color here.
\moderncvstyle{banking}
\moderncvcolor{grey}
\usepackage[hscale=0.8,top=1.9cm, bottom=1.9cm]{geometry}
\usepackage{fontspec}
\setsansfont{TeX Gyre Heros}
\setmainfont{TeX Gyre Heros}
\renewcommand{\familydefault}{\sfdefault}
\usepackage{multicol}
\usepackage[unicode,pdfpagelabels=false]{hyperref}
\definecolor{airforceblue}{rgb}{0.36, 0.54, 0.66}
\hypersetup{colorlinks=true, linkcolor=airforceblue, urlcolor=airforceblue}
\nopagenumbers{}
\firstname{George}
\familyname{Messiha}
\title{Lead SWE}
\address{Dubai, UAE}{}
\begin{document}
\makecvtitle
\begin{center}\small{} g@example.com \textbar{} (+971) 54 555 1032\\https://example.github.io \textbar{} https://github.com/georgemessiha22 \textbar{} https://linkedin.com/in/georgemessiha22\end{center}

\section{\textbf{Professional Summary}}
\cvitem{}{A summary with \textbf{bold} \& 50\%.}

\section{Experience}
\cventry
  {Nov 2023--Present}
  {\textbf{Senior Software Engineer}}
  {\textsc{\href{https://hungerstation.com}{HungerStation}}}
  {Dubai, UAE}
  {Hybrid}
  {
Did things in \textbf{Go}.
\begin{itemize}
  \item Built \textbf{Go} services.
  \item Cut build 60\%.
\end{itemize}
}

\section{Education}
\cventry
  {2011--2016}
  {BSc}
  {GUC}
  {Cairo, EG}
  {}
  {\textit{Thesis: Cloud}}

\section{Skills}
\cvitem{Languages}{Go, Python}

\section{Languages}
\cvitem{Arabic}{Native}

\section{Certificates \& Awards}
\cventry
  {2024--2024}
  {\href{https://x/c.pdf}{PM Foundation}}
  {Google}
  {}
  {}
  {}

\end{document}
