# George Messiha

**Lead SWE**

Dubai, UAE · [g@example.com](mailto:g@example.com) · (+971) 54 555 1032 · [GitHub](https://github.com/georgemessiha22) · [LinkedIn](https://linkedin.com/in/georgemessiha22)

## Professional Summary

A summary with **bold** & 50%.

## Experience

### Senior Software Engineer

[HungerStation](https://hungerstation.com) · Hybrid — Dubai, UAE · Nov 2023 – Present

Did things in **Go**.

- Built **Go** services.
- Cut build 60%.

## Education

### BSc

GUC — Cairo, EG · 2011 – 2016

_Thesis: Cloud_

## Skills

- **Languages:** Go, Python

## Languages

- **Arabic:** Native

## Certificates & Awards

### [PM Foundation](https://x/c.pdf)

Google · 2024 – 2024

### [Importing Data (Part 1)](https://ex.com/Importing%20Data%20%28Part%201%29.pdf)

DataCamp · Courses · 2018 – 2018

